
> build
> next build

Γû▓ Next.js 16.1.6 (Turbopack, Cache Components)
- Environments: .env.local

  Creating an optimized production build ...
Γ£ô Compiled successfully in 13.8s
  Running TypeScript ...
  Collecting page data using 11 workers ...
  Generating static pages using 11 workers (0/20) ...
  Generating static pages using 11 workers (5/20) 
  Generating static pages using 11 workers (10/20) 
  Generating static pages using 11 workers (15/20) 
Γ£ô Generating static pages using 11 workers (20/20) in 2.7s
  Finalizing page optimization ...

Route (app)
Γöî Γùï /
Γö£ Γùï /_not-found
Γö£ ╞Æ /auth/confirm
Γö£ ΓùÉ /auth/error
Γö£ Γùï /auth/forgot-password
Γö£ Γùï /auth/login
Γö£ Γùï /auth/sign-up
Γö£ Γùï /auth/sign-up-success
Γö£ Γùï /auth/update-password
Γö£ ΓùÉ /instructor/classes/[id]
Γöé Γöö /instructor/classes/[id]
Γö£ ΓùÉ /instructor/classes/[id]/briefings
Γöé Γöö /instructor/classes/[id]/briefings
Γö£ ΓùÉ /instructor/classes/[id]/items
Γöé Γöö /instructor/classes/[id]/items
Γö£ ΓùÉ /instructor/classes/[id]/log
Γöé Γöö /instructor/classes/[id]/log
Γö£ ΓùÉ /instructor/classes/[id]/teams
Γöé Γöö /instructor/classes/[id]/teams
Γö£ ΓùÉ /instructor/dashboard
Γö£ ΓùÉ /protected
Γö£ ΓùÉ /student/dashboard
Γöö ΓùÉ /student/simulation/[id]
  Γöö /student/simulation/[id]


╞Æ Proxy (Middleware)

Γùï  (Static)             prerendered as static content
ΓùÉ  (Partial Prerender)  prerendered as static HTML with dynamic server-streamed content
╞Æ  (Dynamic)            server-rendered on demand

